============================================================
概念缓存构建器 | workers=3
概念板块: 486 个
  进度 50/486 命中50 rate=3.1/s ETA=142s
  进度 100/486 命中100 rate=3.3/s ETA=116s
  进度 150/486 命中150 rate=3.3/s ETA=101s
  进度 200/486 命中200 rate=3.5/s ETA=82s
  进度 250/486 命中250 rate=3.6/s ETA=65s
  进度 300/486 命中300 rate=3.7/s ETA=50s
  进度 350/486 命中350 rate=3.8/s ETA=35s
  进度 400/486 命中400 rate=3.9/s ETA=22s
  进度 450/486 命中450 rate=3.9/s ETA=9s
------------------------------------------------------------
完成: 486 概念 / 5598 股, 耗时 124.4s
写入: /home/ubuntu/users/a932b755-9560-4de2-8f43-ef3f7a19d01d/blueprints/ai-quant-system/data/concept_cache.json
============================================================
============================================================
概念缓存构建器 | workers=3
概念板块: 486 个
  进度 50/486 命中50 rate=3.0/s ETA=145s
  进度 100/486 命中100 rate=3.3/s ETA=118s
  进度 150/486 命中150 rate=3.3/s ETA=102s
  进度 200/486 命中200 rate=3.5/s ETA=83s
  进度 250/486 命中250 rate=3.6/s ETA=66s
  进度 300/486 命中300 rate=3.6/s ETA=51s
  进度 350/486 命中350 rate=3.7/s ETA=36s
  进度 400/486 命中400 rate=3.8/s ETA=23s
  进度 450/486 命中450 rate=3.8/s ETA=9s
------------------------------------------------------------
完成: 486 概念 / 5598 股, 耗时 128.3s
写入: /home/ubuntu/users/a932b755-9560-4de2-8f43-ef3f7a19d01d/blueprints/ai-quant-system/data/concept_cache.json
============================================================
============================================================
概念缓存构建器 | workers=3
概念板块: 486 个
  进度 50/486 命中50 rate=2.9/s ETA=152s
  进度 100/486 命中100 rate=3.2/s ETA=122s
  进度 150/486 命中150 rate=3.2/s ETA=106s
  进度 200/486 命中200 rate=3.3/s ETA=86s
  进度 250/486 命中250 rate=3.5/s ETA=68s
  进度 300/486 命中300 rate=3.6/s ETA=52s
  进度 350/486 命中350 rate=3.7/s ETA=37s
  进度 400/486 命中400 rate=3.8/s ETA=23s
  进度 450/486 命中450 rate=3.8/s ETA=9s
------------------------------------------------------------
完成: 486 概念 / 5598 股, 耗时 128.4s
写入: /home/ubuntu/users/a932b755-9560-4de2-8f43-ef3f7a19d01d/blueprints/ai-quant-system/data/concept_cache.json
============================================================
============================================================
概念缓存构建器 | workers=3
概念板块: 486 个
  进度 50/486 命中50 rate=2.9/s ETA=149s
  进度 100/486 命中100 rate=3.1/s ETA=125s
  进度 150/486 命中150 rate=3.1/s ETA=107s
  进度 200/486 命中200 rate=3.3/s ETA=87s
  进度 250/486 命中250 rate=3.5/s ETA=68s
  进度 300/486 命中300 rate=3.6/s ETA=52s
  进度 350/486 命中350 rate=3.7/s ETA=37s
  进度 400/486 命中400 rate=3.8/s ETA=23s
  进度 450/486 命中450 rate=3.8/s ETA=9s
------------------------------------------------------------
完成: 486 概念 / 5601 股, 耗时 127.2s
写入: /home/ubuntu/users/a932b755-9560-4de2-8f43-ef3f7a19d01d/blueprints/ai-quant-system/data/concept_cache.json
============================================================
============================================================
概念缓存构建器 | workers=3
概念板块: 486 个
  进度 50/486 命中50 rate=3.1/s ETA=139s
  进度 100/486 命中100 rate=3.3/s ETA=119s
  进度 150/486 命中150 rate=3.3/s ETA=102s
  进度 200/486 命中200 rate=3.5/s ETA=83s
  进度 250/486 命中250 rate=3.6/s ETA=65s
  进度 300/486 命中300 rate=3.7/s ETA=50s
  进度 350/486 命中350 rate=3.8/s ETA=36s
  进度 400/486 命中400 rate=3.9/s ETA=22s
  进度 450/486 命中450 rate=3.9/s ETA=9s
------------------------------------------------------------
完成: 486 概念 / 5601 股, 耗时 125.9s
写入: /home/ubuntu/users/a932b755-9560-4de2-8f43-ef3f7a19d01d/blueprints/ai-quant-system/data/concept_cache.json
============================================================
